Instructions: "Write in the style of Vladimir Nabokov: Write in a professional way. Always pay attention to theme and use very profound symbolism in each paragraph. Very intense writing. Describe in detail everything each character does and says and don't skip anything,"

User: "Theme: Precarity in America (don't literally mention it, but use it as the theme)
Task: Start writing a novel about a dirt poor man and woman who live in a hut in the swamps of Florida. Start with them arguing at home because the man spent all the food money on beer. It is 90 degrees and there is no air conditioner. No kids. They don't have much clothes on. The man has a beer in his hand. Describe both of the characters.
Additional Instructions: Use hillbilly names from the south."

Model: The air hung thick and yellow, like a jaundiced eye peering through the gaps in the slatted wooden walls. Cicadas thrummed a maddening symphony, the soundtrack to a humidity so potent it felt like breathing through a damp rag. Inside the shack, barely more than a glorified lean-to amidst the muck and mire of the Floridian swamp, Clemmy Mae simmered with a fury that mirrored the stagnant air. Her frame, thin and brittle as a dried palmetto frond, quivered with indignation. Her sweat-slicked skin, the color of weak tea and bearing the map of a life lived under a brutal sun, shone in the faint light filtering through the doorway. She glared at Jedediah, his belly a fleshy orb straining against the buttons of his stained undershirt, the foam of a cheap beer clinging to his whiskers like a desperate, clinging vine.

Jedediah, oblivious or perhaps intentionally defiant, took a long pull from the bottle, the amber liquid disappearing with a glug that resonated like a death knell in the hungry silence. His eyes, watery and pale, flickered over Clemmy Mae, registering her wrath with the dull comprehension of a toad basking in the sun. The lines etched on his face spoke of hardship and sun damage, but lacked the flint of intelligence that occasionally flashed in Clemmy Mae's sharp gaze. His was a life lived in the dim recesses of his own limited desires, punctuated only by the fleeting euphoria of cheap intoxicants. He represented a brutal, elemental existence, a testament to a world where survival itself felt like a cruel joke played by indifferent gods.

The single room that comprised their home, strewn with discarded clothes and the detritus of their meager existence, was a microcosm of their lives – a chaotic, sweltering prison from which there seemed no escape. The air throbbed with a thousand tiny insects, drawn to the scent of sweat and despair. Even the shadows seemed to wilt in the stifling heat, offering no respite from the oppressive reality that clung to them like the Spanish moss draped on the gnarled branches outside. The shack, balanced precariously on stilts above the murky water, felt like a raft adrift in a sea of uncertainty, its occupants doomed to bob along, battered by the relentless tide of their misfortunes.

User: "Show how Clemmy is dressed first. Please continue and start showing the dialogue between the characters. Show all their emotions and body language and what they do. Jedediah is getting affected by his beers."

Model: Clemmy Mae's threadbare shift clung to her like a second skin, the faded floral print a pathetic attempt at gaiety against the grim backdrop of their lives. It offered little in the way of modesty or comfort, the thin fabric doing nothing to shield her from the suffocating heat or the biting insects that swarmed the humid air. Her bare feet, calloused and toughened from years of walking on rough terrain, were planted firmly on the rough-hewn floorboards, her stance defiant even in her distress.

"Jedediah," she began, her voice raspy with suppressed fury, "Where's the money? The money for the grits, the beans...for somethin' to put in our bellies?"

Jedediah shifted uncomfortably on the rickety stool, the legs groaning in protest under his weight. He took another swig of beer, the liquid dribbling down his chin and staining the already grimy fabric of his undershirt. A beatific smile, fueled by alcohol and obliviousness, spread across his face.

"Now Clemmy Mae," he slurred, his words thick and slow, "Don't you go frettin' your pretty little head none. A man's gotta have his pleasures, ain't that right?"

Clemmy Mae's eyes narrowed, her hands balling into fists at her sides. "Pleasures? You call this piss-water pleasure, Jedediah? While we ain't got a scrap of food in the house?"

She gestured wildly around their desolate dwelling, her voice rising with each word. "Look around you, Jedediah! We got nothin'! Nothin' but this swelterin' hellhole and your empty promises!"

Jedediah chuckled, a low, guttural sound that grated on Clemmy Mae's nerves. He swayed slightly on his stool, his eyes losing focus as the alcohol coursed through his veins.

"Aw, Clemmy Mae," he mumbled, "You always makin' a fuss. We'll be alright. Always are."

He belched loudly, the pungent smell of stale beer filling the small space. Clemmy Mae recoiled, her disgust evident in the lines that deepened around her mouth.

"Always are?" she spat, her voice laced with a bitter sarcasm. "Livin' like animals? Scrapin' by on nothin'? Is that what you call alright, Jedediah?"

She stepped towards him, her shadow falling across his face like a looming storm cloud. Her anger, simmering for days, finally boiled over.

"I'm tired, Jedediah," she whispered, her voice dangerously low. "Tired of bein' hungry. Tired of bein' hot. Tired of bein' stuck with a man who cares more for his bottle than he does for his own wife."

Jedediah, his senses dulled by the alcohol, blinked at her owlishly. He failed to grasp the intensity of her emotions, the raw desperation that radiated from her every pore.

"Now Clemmy Mae…" he began, but his words were cut short as Clemmy Mae snatched the beer bottle from his hand.

The shattering of glass against the wall punctuated her rage, the shards scattering across the floor like broken promises.


User: "Jedediah tries to comfort her. He tells her that she should relax and have a drink. Please continue on as you like from there (but follow instructions)"

Model: The sudden violence, the sharp crack of shattering glass, seemed to momentarily pierce the alcoholic fog clouding Jedediah's mind. He blinked, his brow furrowing in confusion, as if struggling to comprehend the sudden shift in atmosphere. Clemmy Mae stood before him, chest heaving, her eyes blazing with a fire that threatened to consume them both.

"Relax, Clemmy Mae," Jedediah mumbled, his voice slurred but laced with a hint of concern. He gestured towards the remaining beers nestled in a dented metal bucket, "Have yourself a cold one. Take the edge off."

His words, meant to soothe, only fanned the flames of Clemmy Mae's fury. "A cold one?" she shrieked, her voice echoing through the ramshackle dwelling. "You think a beer's gonna fix this, Jedediah? You think it's gonna make the hunger go away? Make this heat disappear? Make us something we ain't?"

She pointed a trembling finger at him, her voice cracking with a mixture of anger and despair. "We're nothin', Jedediah! Nothin' but swamp trash, stuck in this godforsaken place with nothin' to our name but empty bottles and broken dreams!"

Jedediah, momentarily sobered by her outburst, flinched as if struck. The jovial mask he often wore slipped, revealing a flicker of vulnerability, a glimpse of the man buried beneath layers of apathy and alcohol. He reached out a tentative hand towards her, his fingers clumsy and uncertain.

"Now Clemmy Mae," he began, his voice softer now, "Don't you talk like that. We got each other, ain't that enough?"

His words, uttered with a sincerity that surprised even himself, hung in the air between them. Clemmy Mae stared at him, her anger slowly giving way to a weary resignation. The fire in her eyes dimmed, replaced by a dull ache that reflected the hopelessness of their situation.

She sank onto a rickety chair, her body slumping in defeat. The oppressive heat, the gnawing hunger, the crushing weight of their poverty, it all seemed to bear down on her at once. Tears welled up in her eyes, blurring her vision.

Jedediah, emboldened by her apparent surrender, shuffled towards her and placed a hand on her shoulder. His touch, normally rough and uncaring, held a surprising tenderness.

"We'll figure it out, Clemmy Mae," he murmured, his voice thick with emotion. "We always do."

His words, empty as they were, offered a sliver of comfort in the desolate landscape of their lives. Clemmy Mae leaned into his touch, seeking solace in his meager warmth.

Outside, the cicadas continued their relentless chorus, a symphony of despair that echoed the unspoken fears and anxieties that gnawed at their souls. The sun beat down mercilessly on the dilapidated shack, a cruel reminder of the precarity of their existence, the fragility of their dreams in the face of a world that seemed determined to break them.


User: "Please continue Lets finish off this chapter with something profound and ironic."

Model: As the sun dipped below the horizon, casting long, distorted shadows across the swamp, a strange peace settled over the shack. Clemmy Mae, her tears dried and her anger spent, leaned against Jedediah, his arm awkwardly draped around her shoulders. They sat in silence, united by their shared misery, their shared fate.

Outside, the swamp came alive with the nocturnal chorus of frogs and crickets, a symphony of life persisting even in the midst of desolation. A lone firefly blinked in the darkness, its tiny light a fragile beacon of hope against the encroaching gloom.

Jedediah, lulled by the rhythmic croaking of the frogs and the warmth of Clemmy Mae's body against his, drifted off to sleep. A faint smile played on his lips, a testament to the obliviousness that allowed him to find solace even in the direst of circumstances.

Clemmy Mae remained awake, her eyes fixed on the dancing firefly. Its intermittent glow mirrored the flicker of hope that still burned within her, a stubborn refusal to surrender to despair. She thought of the vast expanse of the swamp, the teeming life hidden beneath its murky surface, a reminder that even in the most inhospitable environments, life found a way.

And in that moment, a profound irony settled upon her. Here she was, trapped in a cycle of poverty and despair, clinging to the meager comfort offered by a man who was more of a burden than a partner. Yet, she found herself strangely comforted by the very forces that held her captive. The unforgiving swamp, the relentless heat, the gnawing hunger – they were all part of a larger tapestry, a complex web of life in which she played a small, yet essential, role.

As the firefly winked out of existence, Clemmy Mae closed her eyes, a faint smile gracing her lips. The future remained uncertain, the path ahead fraught with hardship. But for now, in this fleeting moment of shared vulnerability and quiet surrender, she found a strange and unexpected sense of peace. The precarity of their existence, the very thing that threatened to destroy them, also bound them together, forging an unspoken pact between them and the wild, untamed world that surrounded them.


User: "The next day. Describe how Clemmy is dressed from head to toe so that the reader has a clear picture. Husband is off trying to make some money or food hunting or fishing and a man with a suit shows up at the shack with a surprise. Something good."

Model: The morning sun, a malevolent eye peering over the horizon, cast a harsh light on Clemmy Mae as she emerged from the shack. Her hair, the color of sun-bleached straw, was pulled back from her face in a loose knot, revealing the delicate lines etched around her eyes, a testament to years spent squinting against the harsh Florida sun. A faded calico dress, its once vibrant blue flowers now washed to a pale whisper, hung loosely on her thin frame, the hem brushing against her bare ankles. Her feet, calloused and tough as old leather, were clad in worn leather sandals, the straps crisscrossing her sun-browned skin.

Jedediah, his head throbbing from the previous night's indulgence, had stumbled off into the swamp at dawn, muttering about finding some food or work or something to dull the throbbing behind his eyes. Clemmy Mae watched him disappear into the dense undergrowth, her heart a mixture of resentment and worry. He was a shadow of a man, his spirit broken by the relentless cycle of poverty and despair. Yet, he was all she had.

As the morning wore on, the humid air hung heavy and oppressive, the only sounds the incessant buzzing of insects and the occasional splash of a fish in the murky water below. Clemmy Mae busied herself with the meager chores that filled her days: hauling water from the nearby creek, mending a tear in Jedediah's ragged shirt, swatting at the persistent flies that swarmed the shack.

Suddenly, a figure emerged from the thick vegetation bordering their clearing. Clemmy Mae squinted, her eyes widening in surprise as she recognized the man approaching. He was a stranger to these parts, his crisp suit and polished shoes a stark contrast to the rough-hewn landscape. He carried a briefcase, its smooth leather gleaming in the sunlight.

Clemmy Mae's heart pounded in her chest, a mixture of apprehension and curiosity. What could a man like that possibly want with the likes of her?

As he drew closer, Clemmy Mae noticed the kindness in his eyes, a gentle smile playing on his lips. He extended a hand towards her, his voice soft and reassuring.

"Mrs. Clemmy Mae Stoker?" he inquired. "My name is Mr. Beaumont. I'm an attorney."

Clemmy Mae, still wary, nodded her head.

"I've come with some news," Mr. Beaumont continued, his voice tinged with excitement. "News that I believe will change your life."

Clemmy Mae's breath caught in her throat. Change? What kind of change could possibly penetrate the stagnant reality of her existence?

Mr. Beaumont cleared his throat, his smile widening. "Mrs. Stoker, I'm pleased to inform you that you've inherited a substantial sum of money. A distant relative, whom you've never met, has bequeathed you their entire estate."

Clemmy Mae's eyes widened, her mind struggling to comprehend his words. Inheritance? Money? It was a concept so foreign to her, so far removed from her daily struggle for survival, that it seemed like a cruel joke.

"But...how?" she stammered, her voice barely above a whisper.

Mr. Beaumont chuckled softly. "It seems your relative, a Miss Abigail Peabody, was quite fond of her family history. She spent years researching her lineage and discovered your connection. She passed away recently, leaving specific instructions that her estate be passed on to her closest living relative, which happens to be you."

Clemmy Mae stared at him, her mind reeling. Abigail Peabody. The name meant nothing to her. Yet, this stranger, this bearer of improbable news, held the key to a future she could scarcely imagine.

As Mr. Beaumont explained the details of the inheritance, Clemmy Mae felt a flicker of hope ignite within her, a spark that threatened to burn away the layers of despair that had clung to her for so long. Could this be it? Could this unexpected twist of fate be the escape she had longed for, the chance to finally break free from the shackles of poverty?

The swamp, the heat, the shack – they all seemed to fade into the background as Clemmy Mae envisioned a life beyond her wildest dreams. A life of comfort, of security, of possibilities.

And as the sun climbed higher in the sky, casting its relentless rays upon the dilapidated shack, Clemmy Mae allowed herself to believe, for the first time in a long time, that perhaps, just perhaps, a brighter future awaited her.

User: "Jedediah is bringing some fresh caught fish back to the house. When he sees Mr. Beaumont inside with his wife, he gets into a jealous rage and goes in to kick his ass."

Model: Jedediah, his tattered shirt clinging to his sweat-drenched frame, emerged from the dense undergrowth, a string of freshly caught catfish dangling from his calloused hand. A triumphant grin stretched across his weathered face, a rare moment of pride in a life marked by hardship and disappointment. He had managed to snag a decent haul, enough to provide a few meals for him and Clemmy Mae, a brief respite from the gnawing hunger that plagued their existence.

As he approached the shack, his grin faltered. A flicker of confusion, then suspicion, crossed his eyes as he spotted a figure seated inside, a stranger dressed in a fine suit, his polished shoes gleaming amidst the squalor of their home. And there, seated across from the stranger, was Clemmy Mae, her face flushed, her eyes wide with a mixture of emotions that Jedediah couldn't quite decipher.

A surge of jealousy, hot and potent as moonshine, coursed through Jedediah's veins. Who was this interloper, this fancy city slicker who dared to invade his domain, to sit so close to his wife? Jedediah's mind, fueled by suspicion and the lingering effects of the previous night's drinking, conjured up images of betrayal, of Clemmy Mae finding solace in the arms of another man, a man who could offer her a life beyond the confines of their miserable existence.

The fish slipped from Jedediah's grasp, landing with a thud on the rickety porch. His fists clenched, his knuckles white against his sun-browned skin. Without a word, he stormed into the shack, his eyes fixed on the stranger, his gait unsteady but purposeful.

"Who in the hell are you?" Jedediah growled, his voice thick with anger and suspicion.

Mr. Beaumont, startled by Jedediah's sudden appearance and menacing demeanor, rose from his chair, his hand instinctively reaching for his briefcase as if for protection. Clemmy Mae, sensing the impending confrontation, jumped to her feet, her hands outstretched in a futile attempt to de-escalate the situation.

"Jedediah, no!" she cried, her voice laced with panic. "This is Mr. Beaumont. He's a lawyer. He's here with good news!"

But Jedediah was beyond reason. The green-eyed monster of jealousy had taken hold, clouding his judgment, fueling his rage. He saw only a threat, a rival who dared to encroach on his territory, his woman.

"Good news?" Jedediah sneered, his voice dripping with sarcasm. "What kind of good news could a fancy-pants lawyer like you have for the likes of us?"

Before Clemmy Mae could answer, Jedediah lunged at Mr. Beaumont, his fist connecting with the lawyer's jaw in a sickening thud. Mr. Beaumont, caught off guard, stumbled backward, his briefcase clattering to the floor, papers scattering across the dirt floor.

Clemmy Mae screamed, her voice echoing through the small shack. She rushed towards Jedediah, her hands flailing, her words lost in the chaos of the moment. But Jedediah was beyond her reach, his rage consuming him, driving him to unleash the pent-up frustrations of a life lived on the margins.

The fight was short and brutal. Jedediah, fueled by adrenaline and alcohol, landed a few more blows before Mr. Beaumont, dazed and disoriented, managed to scramble out of the shack and flee into the swamp.

Clemmy Mae watched in horror as Jedediah stood over the scattered papers, his chest heaving, his fists still clenched. The good news, the inheritance, the chance for a better life – it all seemed to vanish in that moment, replaced by the grim reality of their existence, a reality where violence and despair reigned supreme.

As the sun beat down mercilessly on the dilapidated shack, Clemmy Mae felt a wave of despair wash over her. The future, once again, seemed as bleak and unforgiving as the swamp that surrounded them.
